// Jest Snapshot v1, https://goo.gl/fbAQLP

exports[`InlineEditRow Component is styled correctly 1`] = `
<ThemeProvider
  theme={
    Object {
      "main": Object {
        "color": Object {
          "inputBorder": "#455E70",
          "placeholder": "#2a3842",
          "primary": "#00A843",
        },
      },
    }
  }
>
  <InlineEditRow
    record={
      Object {
        "confidence": 9,
        "content": "test",
        "ease": 8,
        "id": "",
        "impact": 8,
      }
    }
    recordsLoaderFn={[Function]}
  />
</ThemeProvider>
`;
